starting single_client_streaming_text...
completed single_client_streaming_text [PASS] in 5.0s
starting multiple_concurrent_text...
completed multiple_concurrent_text [PASS] in 19.7s
starting burst_exceeds_admission_capacity...
completed burst_exceeds_admission_capacity [PASS] in 3.9s
starting disconnect_after_first_chunk...
completed disconnect_after_first_chunk [PASS] in 1.7s
{
  "target": "http://127.0.0.1:8000",
  "queue_capacity": 10,
  "clients": 4,
  "burst_extra": 4,
  "repeats": 3,
  "scenarios": [
    {
      "name": "single_client_streaming_text",
      "ok": true,
      "notes": [
        "first audio after first part in 38.7 ms (1 chunks before remaining text); 9 parts (3x); 537 chunks total in sequences [0, 1, 2, 3, 4, 5, 6, 7]..."
      ],
      "overloads": 0,
      "failures": [],
      "streams": 1,
      "completed_audio": 1,
      "time_to_first_audio": {
        "count": 1,
        "min_ms": 38.7,
        "max_ms": 38.7,
        "mean_ms": 38.7,
        "p95_ms": 38.7
      },
      "chunk_gaps": {
        "count": 536,
        "min_ms": 5.0,
        "max_ms": 42.4,
        "mean_ms": 9.2,
        "p95_ms": 10.5
      },
      "playback_stalls": {
        "count": 0,
        "total_ms": 0.0,
        "longest_ms": 0.0
      },
      "elapsed_s": 4.99
    },
    {
      "name": "multiple_concurrent_text",
      "ok": true,
      "notes": [
        "4 clients completed independent streams (9 parts, 3x)"
      ],
      "overloads": 0,
      "failures": [],
      "streams": 4,
      "completed_audio": 4,
      "time_to_first_audio": {
        "count": 4,
        "min_ms": 34.5,
        "max_ms": 1617.4,
        "mean_ms": 821.1,
        "p95_ms": 1617.4
      },
      "chunk_gaps": {
        "count": 2128,
        "min_ms": 4.6,
        "max_ms": 1835.4,
        "mean_ms": 33.8,
        "p95_ms": 10.3
      },
      "playback_stalls": {
        "count": 0,
        "total_ms": 0.0,
        "longest_ms": 0.0
      },
      "elapsed_s": 19.68
    },
    {
      "name": "burst_exceeds_admission_capacity",
      "ok": true,
      "notes": [
        "capacity=10; in-flight 11 succeeded; overloads=3; overloads counted separately from failures",
        "resumed a full stream after burst drained (queued=0, active_jobs=0)"
      ],
      "overloads": 3,
      "failures": [],
      "streams": 15,
      "completed_audio": 12,
      "time_to_first_audio": {
        "count": 12,
        "min_ms": 36.3,
        "max_ms": 3185.0,
        "mean_ms": 1437.5,
        "p95_ms": 3185.0
      },
      "chunk_gaps": {
        "count": 392,
        "min_ms": 5.5,
        "max_ms": 47.8,
        "mean_ms": 8.9,
        "p95_ms": 10.2
      },
      "playback_stalls": {
        "count": 0,
        "total_ms": 0.0,
        "longest_ms": 0.0
      },
      "elapsed_s": 3.9
    },
    {
      "name": "disconnect_after_first_chunk",
      "ok": true,
      "notes": [
        "dropping client left after first binary chunk; surviving client completed 179 chunks"
      ],
      "overloads": 0,
      "failures": [],
      "streams": 2,
      "completed_audio": 1,
      "time_to_first_audio": {
        "count": 2,
        "min_ms": 32.0,
        "max_ms": 597.4,
        "mean_ms": 314.7,
        "p95_ms": 597.4
      },
      "chunk_gaps": {
        "count": 178,
        "min_ms": 5.7,
        "max_ms": 75.1,
        "mean_ms": 9.5,
        "p95_ms": 10.5
      },
      "playback_stalls": {
        "count": 0,
        "total_ms": 0.0,
        "longest_ms": 0.0
      },
      "elapsed_s": 1.73
    }
  ],
  "totals": {
    "ok": true,
    "overloads": 3,
    "failures": [],
    "time_to_first_audio": {
      "count": 19,
      "min_ms": 32.0,
      "max_ms": 3185.0,
      "mean_ms": 1116.0,
      "p95_ms": 3185.0
    },
    "chunk_gaps": {
      "count": 3234,
      "min_ms": 4.6,
      "max_ms": 1835.4,
      "mean_ms": 25.4,
      "p95_ms": 10.4
    },
    "playback_stalls": {
      "count": 0,
      "total_ms": 0.0,
      "longest_ms": 0.0
    }
  }
}

=== TTS harness summary ===
target: http://127.0.0.1:8000  queue_capacity: 10  clients: 4  burst_extra: 4  repeats: 3
  [PASS] single_client_streaming_text: 5.0s overloads=0 failures=0 ttfa 38.7-38.7 ms (mean 38.7); chunk gaps 5.0-42.4 ms (mean 9.2, p95 10.5); stalls 0 total 0.0 ms longest 0.0 ms
         first audio after first part in 38.7 ms (1 chunks before remaining text); 9 parts (3x); 537 chunks total in sequences [0, 1, 2, 3, 4, 5, 6, 7]...
  [PASS] multiple_concurrent_text: 19.7s overloads=0 failures=0 ttfa 34.5-1617.4 ms (mean 821.1); chunk gaps 4.6-1835.4 ms (mean 33.8, p95 10.3); stalls 0 total 0.0 ms longest 0.0 ms
         4 clients completed independent streams (9 parts, 3x)
  [PASS] burst_exceeds_admission_capacity: 3.9s overloads=3 failures=0 ttfa 36.3-3185.0 ms (mean 1437.5); chunk gaps 5.5-47.8 ms (mean 8.9, p95 10.2); stalls 0 total 0.0 ms longest 0.0 ms
         capacity=10; in-flight 11 succeeded; overloads=3; overloads counted separately from failures
         resumed a full stream after burst drained (queued=0, active_jobs=0)
  [PASS] disconnect_after_first_chunk: 1.7s overloads=0 failures=0 ttfa 32.0-597.4 ms (mean 314.7); chunk gaps 5.7-75.1 ms (mean 9.5, p95 10.5); stalls 0 total 0.0 ms longest 0.0 ms
         dropping client left after first binary chunk; surviving client completed 179 chunks
overall: PASS  overloads=3  real_failures=0  stalls=0 total 0.0 ms longest 0.0 ms
